============================= test session starts =============================
platform win32 -- Python 3.9.7, pytest-8.4.2, pluggy-1.5.0 -- C:\Users\le van hai\AppData\Local\Programs\Python\Python39\python.exe
cachedir: .pytest_cache
rootdir: D:\Xbrain\xbrain-costctl-starter
plugins: anyio-4.9.0, cov-7.1.0
collecting ... collected 25 items

tests/test_clean.py::test_find_targets_finds_tagged_instance PASSED      [  4%]
tests/test_clean.py::test_clean_dry_run_does_not_delete PASSED           [  8%]
tests/test_clean.py::test_clean_apply_terminates PASSED                  [ 12%]
tests/test_clean.py::test_clean_no_matches PASSED                        [ 16%]
tests/test_common.py::test_parse_kv_simple PASSED                        [ 20%]
tests/test_common.py::test_parse_kv_empty_value PASSED                   [ 24%]
tests/test_common.py::test_parse_kv_value_with_equals PASSED             [ 28%]
tests/test_common.py::test_parse_kv_no_key_raises PASSED                 [ 32%]
tests/test_common.py::test_tags_to_dict_empty PASSED                     [ 36%]
tests/test_common.py::test_tags_to_dict_roundtrip PASSED                 [ 40%]
tests/test_common.py::test_tags_match_all_match PASSED                   [ 44%]
tests/test_common.py::test_tags_match_missing_value_fails PASSED         [ 48%]
tests/test_common.py::test_tags_match_missing_key_filter PASSED          [ 52%]
tests/test_common.py::test_tags_match_no_filter PASSED                   [ 56%]
tests/test_list.py::test_list_ec2_empty PASSED                           [ 60%]
tests/test_list.py::test_list_ec2_no_filter_returns_all PASSED           [ 64%]
tests/test_list.py::test_list_ec2_filter_by_tag PASSED                   [ 68%]
tests/test_list.py::test_list_ec2_missing_tag PASSED                     [ 72%]
tests/test_list.py::test_list_ec2_combined_tag_and_missing PASSED        [ 76%]
tests/test_list.py::test_list_s3_no_tagging_treated_as_empty_tags PASSED [ 80%]
tests/test_list.py::test_list_volume_returns_type_size PASSED            [ 84%]
tests/test_terminate.py::test_terminate_ec2_with_force PASSED            [ 88%]
tests/test_terminate.py::test_terminate_s3_refuses_nonempty PASSED       [ 92%]
tests/test_terminate.py::test_terminate_s3_deletes_empty PASSED          [ 96%]
tests/test_terminate.py::test_terminate_nonexistent_handles_clienterror PASSED [100%]

============================= 25 passed in 20.32s =============================
